###############################################################################
#
# IAR ELF Linker V7.70.2.11706/W32 for ARM                01/Nov/2016  16:36:16
# Copyright 2007-2016 IAR Systems AB.
#
#    Output file  =  
#        C:\Users\Pista\Documents\JamJarWiki\Git\JamJar\Debug\Exe\JamJar_1.out
#    Map file     =  
#        C:\Users\Pista\Documents\JamJarWiki\Git\JamJar\Debug\List\JamJar_1.map
#    Command line =  
#        C:\Users\Pista\Documents\JamJarWiki\Git\JamJar\Debug\Obj\cstartup_M.o
#        C:\Users\Pista\Documents\JamJarWiki\Git\JamJar\Debug\Obj\main.o -o
#        C:\Users\Pista\Documents\JamJarWiki\Git\JamJar\Debug\Exe\JamJar_1.out
#        --redirect _Printf=_PrintfFull --redirect _Scanf=_ScanfFull --map
#        C:\Users\Pista\Documents\JamJarWiki\Git\JamJar\Debug\List\JamJar_1.map
#        --config "C:\Program Files (x86)\IAR Systems\Embedded Workbench
#        7.5\arm\config\linker\TexasInstruments\TM4C123GH6.icf" --semihosting
#        --entry __iar_program_start --vfe
#
###############################################################################

*******************************************************************************
*** RUNTIME MODEL ATTRIBUTES
***

CppFlavor       = *
__SystemLibrary = DLib


*******************************************************************************
*** PLACEMENT SUMMARY
***

"A0":  place at 0x00000000 { ro section .intvec };
"P1":  place in [from 0x00000000 to 0x0003ffff] { ro };
"P2":  place in [from 0x20000000 to 0x20007fff] { rw, block CSTACK, block HEAP };

  Section          Kind        Address    Size  Object
  -------          ----        -------    ----  ------
"A0":                                    0x110
  .intvec          const    0x00000000   0x110  cstartup_M.o [1]
                          - 0x00000110   0x110

"P1":                                    0x624
  .text            ro code  0x00000110   0x50c  main.o [1]
  .text            ro code  0x0000061c    0x40  zero_init3.o [5]
  .text            ro code  0x0000065c    0x28  data_init.o [5]
  .text            ro code  0x00000684    0x22  fpinit_M.o [4]
  .iar.init_table  const    0x000006a8    0x10  - Linker created -
  .text            ro code  0x000006b8     0x2  cstartup_M.o [1]
  .text            ro code  0x000006bc    0x1a  cmain.o [5]
  .text            ro code  0x000006d6     0x4  low_level_init.o [3]
  .text            ro code  0x000006da     0x4  exit.o [3]
  .text            ro code  0x000006de     0x2  cstartup_M.o [1]
  .text            ro code  0x000006e0     0xa  cexit.o [5]
  .text            ro code  0x000006ea     0x2  cstartup_M.o [1]
  .text            ro code  0x000006ec    0x14  exit.o [6]
  .text            ro code  0x00000700    0x10  cstartup_M.o [1]
  .text            ro code  0x00000710     0x2  cstartup_M.o [1]
  .text            ro code  0x00000712     0x2  cstartup_M.o [1]
  .text            ro code  0x00000714     0x2  cstartup_M.o [1]
  .text            ro code  0x00000716     0x2  cstartup_M.o [1]
  .text            ro code  0x00000718     0x2  cstartup_M.o [1]
  .text            ro code  0x0000071a     0x2  cstartup_M.o [1]
  .text            ro code  0x0000071c     0x2  cstartup_M.o [1]
  .text            ro code  0x0000071e     0x2  cstartup_M.o [1]
  .text            ro code  0x00000720     0x2  cstartup_M.o [1]
  .text            ro code  0x00000722     0x2  cstartup_M.o [1]
  .text            ro code  0x00000724     0x2  cstartup_M.o [1]
  .text            ro code  0x00000726     0x2  cstartup_M.o [1]
  .text            ro code  0x00000728     0x2  cstartup_M.o [1]
  .text            ro code  0x0000072a     0x2  cstartup_M.o [1]
  .text            ro code  0x0000072c     0x2  cstartup_M.o [1]
  .text            ro code  0x0000072e     0x2  cstartup_M.o [1]
  .text            ro code  0x00000730     0x2  cstartup_M.o [1]
  .text            ro code  0x00000732     0x2  cstartup_M.o [1]
  .rodata          const    0x00000734     0x0  zero_init3.o [5]
                          - 0x00000734   0x624

"P2", part 1 of 2:                         0xc
  .bss             zero     0x20000000     0x4  main.o [1]
  .bss             zero     0x20000004     0x4  main.o [1]
  .bss             zero     0x20000008     0x1  main.o [1]
                          - 0x20000009     0x9

"P2", part 2 of 2:                      0x1000
  CSTACK                    0x20000010  0x1000  <Block>
    CSTACK         uninit   0x20000010  0x1000  <Block tail>
                          - 0x20001010  0x1000


*******************************************************************************
*** INIT TABLE
***

          Address     Size
          -------     ----
Zero (__iar_zero_init3)
    1 destination range, total size 0x9:
          0x20000000   0x9



*******************************************************************************
*** MODULE SUMMARY
***

    Module            ro code  ro data  rw data
    ------            -------  -------  -------
C:\Users\Pista\Documents\JamJarWiki\Git\JamJar\Debug\Obj: [1]
    cstartup_M.o           58      272
    main.o              1 292                 9
    -------------------------------------------
    Total:              1 350      272        9

command line: [2]
    -------------------------------------------
    Total:

dl7M_tln.a: [3]
    exit.o                  4
    low_level_init.o        4
    -------------------------------------------
    Total:                  8

m7M_tls.a: [4]
    fpinit_M.o             34
    -------------------------------------------
    Total:                 34

rt7M_tl.a: [5]
    cexit.o                10
    cmain.o                26
    data_init.o            40
    zero_init3.o           64
    -------------------------------------------
    Total:                140

shb_l.a: [6]
    exit.o                 20
    -------------------------------------------
    Total:                 20

    Gaps                    2        2
    Linker created                  16    4 096
-----------------------------------------------
    Grand Total:        1 554      290    4 105


*******************************************************************************
*** ENTRY LIST
***

Entry                      Address   Size  Type      Object
-----                      -------   ----  ----      ------
.iar.init_table$$Base   0x000006a8          --   Gb  - Linker created -
.iar.init_table$$Limit  0x000006b8          --   Gb  - Linker created -
?main                   0x000006bd         Code  Gb  cmain.o [5]
ADC0SS0_Handler         0x00000731    0x2  Code  Wk  cstartup_M.o [1]
ADC0SS3_Handler         0x000004dd   0x3a  Code  Gb  main.o [1]
ADC0_result             0x20000000    0x4  Data  Lc  main.o [1]
ADC1SS3_Handler         0x00000517   0x3a  Code  Gb  main.o [1]
ADC1_result             0x20000004    0x4  Data  Lc  main.o [1]
ADC_PE_Init             0x0000031f  0x1be  Code  Gb  main.o [1]
BusFault_Handler        0x00000711    0x2  Code  Wk  cstartup_M.o [1]
CSTACK$$Base            0x20000010          --   Gb  - Linker created -
CSTACK$$Limit           0x20001010          --   Gb  - Linker created -
DebugMon_Handler        0x00000717    0x2  Code  Wk  cstartup_M.o [1]
GPIOPortA_Handler       0x0000071d    0x2  Code  Wk  cstartup_M.o [1]
GPIOPortB_Handler       0x0000071f    0x2  Code  Wk  cstartup_M.o [1]
GPIOPortC_Handler       0x00000721    0x2  Code  Wk  cstartup_M.o [1]
GPIOPortD_Handler       0x00000723    0x2  Code  Wk  cstartup_M.o [1]
GPIOPortE_Handler       0x00000725    0x2  Code  Wk  cstartup_M.o [1]
GPIOPortF_Handler       0x0000072f    0x2  Code  Wk  cstartup_M.o [1]
HardFault_Handler       0x000006df    0x2  Code  Wk  cstartup_M.o [1]
I2C0_Handler            0x0000072d    0x2  Code  Wk  cstartup_M.o [1]
MemManage_Handler       0x000006eb    0x2  Code  Wk  cstartup_M.o [1]
NMI_Handler             0x000006b9    0x2  Code  Wk  cstartup_M.o [1]
PWM0Fault_Handler       0x00000733    0x2  Code  Wk  cstartup_M.o [1]
PendSV_Handler          0x00000719    0x2  Code  Wk  cstartup_M.o [1]
PortF_init              0x000002c1   0x30  Code  Gb  main.o [1]
Region$$Table$$Base     0x000006a8          --   Gb  - Linker created -
Region$$Table$$Limit    0x000006b8          --   Gb  - Linker created -
SSI0_Handler            0x0000072b    0x2  Code  Wk  cstartup_M.o [1]
SVC_Handler             0x00000715    0x2  Code  Wk  cstartup_M.o [1]
SysTick_Handler         0x0000071b    0x2  Code  Wk  cstartup_M.o [1]
SysTick_init            0x000002f1   0x1e  Code  Gb  main.o [1]
SysTick_wait_time       0x0000030f   0x10  Code  Gb  main.o [1]
UART0_Handler           0x00000727    0x2  Code  Wk  cstartup_M.o [1]
UART1_Handler           0x00000729    0x2  Code  Wk  cstartup_M.o [1]
UART_Init               0x000001fb   0xc6  Code  Gb  main.o [1]
UsageFault_Handler      0x00000713    0x2  Code  Wk  cstartup_M.o [1]
__cmain                 0x000006bd         Code  Gb  cmain.o [5]
__exit                  0x000006ed   0x14  Code  Gb  exit.o [6]
__iar_data_init3        0x0000065d   0x28  Code  Gb  data_init.o [5]
__iar_init_vfp          0x00000685         Code  Gb  fpinit_M.o [4]
__iar_program_start     0x00000701   0x10  Code  Gb  cstartup_M.o [1]
__iar_zero_init3        0x0000061d   0x40  Code  Gb  zero_init3.o [5]
__low_level_init        0x000006d7    0x4  Code  Gb  low_level_init.o [3]
__vector_table          0x00000000  0x110  Data  Gb  cstartup_M.o [1]
_call_main              0x000006c9         Code  Gb  cmain.o [5]
_exit                   0x000006e1         Code  Gb  cexit.o [5]
_main                   0x000006d3         Code  Gb  cmain.o [5]
command_byte            0x20000008    0x1  Data  Gb  main.o [1]
exit                    0x000006db    0x4  Code  Gb  exit.o [3]
main                    0x00000111   0xea  Code  Gb  main.o [1]


[1] = C:\Users\Pista\Documents\JamJarWiki\Git\JamJar\Debug\Obj
[2] = command line
[3] = dl7M_tln.a
[4] = m7M_tls.a
[5] = rt7M_tl.a
[6] = shb_l.a

  1 554 bytes of readonly  code memory
    290 bytes of readonly  data memory
  4 105 bytes of readwrite data memory

Errors: none
Warnings: none
