###############################################################################
#
# IAR ELF Linker V7.70.2.11706/W32 for ARM                16/Nov/2016  18:38:43
# Copyright 2007-2016 IAR Systems AB.
#
#    Output file  =  
#        C:\Users\Pista\Documents\JamJarWiki\Git\JamJar\Debug\Exe\JamJar_1.out
#    Map file     =  
#        C:\Users\Pista\Documents\JamJarWiki\Git\JamJar\Debug\List\JamJar_1.map
#    Command line =  
#        C:\Users\Pista\Documents\JamJarWiki\Git\JamJar\Debug\Obj\cstartup_M.o
#        C:\Users\Pista\Documents\JamJarWiki\Git\JamJar\Debug\Obj\main.o -o
#        C:\Users\Pista\Documents\JamJarWiki\Git\JamJar\Debug\Exe\JamJar_1.out
#        --redirect _Printf=_PrintfFull --redirect _Scanf=_ScanfFull --map
#        C:\Users\Pista\Documents\JamJarWiki\Git\JamJar\Debug\List\JamJar_1.map
#        --config "C:\Program Files (x86)\IAR Systems\Embedded Workbench
#        7.5\arm\config\linker\TexasInstruments\TM4C123GH6.icf" --semihosting
#        --entry __iar_program_start "C:\Program Files (x86)\IAR
#        Systems\Embedded Workbench
#        7.5\arm\CMSIS\Lib\IAR\iar_cortexM4lf_math.a" --vfe
#
###############################################################################

*******************************************************************************
*** RUNTIME MODEL ATTRIBUTES
***

CppFlavor       = *
__SystemLibrary = DLib


*******************************************************************************
*** PLACEMENT SUMMARY
***

"A0":  place at 0x00000000 { ro section .intvec };
"P1":  place in [from 0x00000000 to 0x0003ffff] { ro };
"P2":  place in [from 0x20000000 to 0x20007fff] { rw, block CSTACK, block HEAP };
initialize by copy { rw };

  Section            Kind        Address    Size  Object
  -------            ----        -------    ----  ------
"A0":                                      0x268
  .intvec            const    0x00000000   0x268  cstartup_M.o [1]
                            - 0x00000268   0x268

"P1":                                      0x8ff
  .text              ro code  0x00000268   0x7d8  main.o [1]
  .text              ro code  0x00000a40    0x38  packbits_init_single.o [5]
  .text              ro code  0x00000a78    0x28  data_init.o [5]
  .text              ro code  0x00000aa0    0x22  fpinit_M.o [4]
  .iar.init_table    const    0x00000ac4    0x10  - Linker created -
  .text              ro code  0x00000ad4     0x2  cstartup_M.o [1]
  .text              ro code  0x00000ad8    0x1a  cmain.o [5]
  .text              ro code  0x00000af2     0x4  low_level_init.o [3]
  .text              ro code  0x00000af6     0x4  exit.o [3]
  .text              ro code  0x00000afa     0x2  cstartup_M.o [1]
  .text              ro code  0x00000afc     0xa  cexit.o [5]
  .text              ro code  0x00000b06     0x2  cstartup_M.o [1]
  .text              ro code  0x00000b08    0x14  exit.o [6]
  .text              ro code  0x00000b1c    0x10  cstartup_M.o [1]
  .text              ro code  0x00000b2c     0x2  cstartup_M.o [1]
  .text              ro code  0x00000b2e     0x2  cstartup_M.o [1]
  .text              ro code  0x00000b30     0x2  cstartup_M.o [1]
  .text              ro code  0x00000b32     0x2  cstartup_M.o [1]
  .text              ro code  0x00000b34     0x2  cstartup_M.o [1]
  .text              ro code  0x00000b36     0x2  cstartup_M.o [1]
  .text              ro code  0x00000b38     0x2  cstartup_M.o [1]
  .text              ro code  0x00000b3a     0x2  cstartup_M.o [1]
  .text              ro code  0x00000b3c     0x2  cstartup_M.o [1]
  .text              ro code  0x00000b3e     0x2  cstartup_M.o [1]
  .text              ro code  0x00000b40     0x2  cstartup_M.o [1]
  .text              ro code  0x00000b42     0x2  cstartup_M.o [1]
  .text              ro code  0x00000b44     0x2  cstartup_M.o [1]
  .text              ro code  0x00000b46     0x2  cstartup_M.o [1]
  .text              ro code  0x00000b48     0x2  cstartup_M.o [1]
  .text              ro code  0x00000b4a     0x2  cstartup_M.o [1]
  .text              ro code  0x00000b4c     0x2  cstartup_M.o [1]
  .text              ro code  0x00000b4e     0x2  cstartup_M.o [1]
  .text              ro code  0x00000b50     0x2  cstartup_M.o [1]
  .text              ro code  0x00000b52     0x2  cstartup_M.o [1]
  .text              ro code  0x00000b54     0x2  cstartup_M.o [1]
  .text              ro code  0x00000b56     0x2  cstartup_M.o [1]
  .text              ro code  0x00000b58     0x2  cstartup_M.o [1]
  .text              ro code  0x00000b5a     0x2  cstartup_M.o [1]
  .text              ro code  0x00000b5c     0x2  cstartup_M.o [1]
  .text              ro code  0x00000b5e     0x2  cstartup_M.o [1]
  .text              ro code  0x00000b60     0x2  cstartup_M.o [1]
  .rodata            const    0x00000b62     0x0  packbits_init_single.o [5]
  Initializer bytes  const    0x00000b62     0x5  <for P2-1>
                            - 0x00000b67   0x8ff

"P2", part 1 of 2:                          0x20
  P2-1                        0x20000000    0x20  <Init block>
    .data            inited   0x20000000     0x4  main.o [1]
    .bss             inited   0x20000004     0x4  main.o [1]
    .bss             inited   0x20000008     0x4  main.o [1]
    .bss             inited   0x2000000c     0x4  main.o [1]
    .bss             inited   0x20000010     0x4  main.o [1]
    .bss             inited   0x20000014     0x4  main.o [1]
    .bss             inited   0x20000018     0x4  main.o [1]
    .bss             inited   0x2000001c     0x2  main.o [1]
    .bss             inited   0x2000001e     0x2  main.o [1]
                            - 0x20000020    0x20

"P2", part 2 of 2:                        0x1000
  CSTACK                      0x20000020  0x1000  <Block>
    CSTACK           uninit   0x20000020  0x1000  <Block tail>
                            - 0x20001020  0x1000


*******************************************************************************
*** INIT TABLE
***

          Address     Size
          -------     ----
Copy/packbits (__iar_packbits_init_single3)
    1 source range, total size 0x5 (15% of destination):
          0x00000b62   0x5
    1 destination range, total size 0x20:
          0x20000000  0x20



*******************************************************************************
*** MODULE SUMMARY
***

    Module                  ro code  ro data  rw data
    ------                  -------  -------  -------
C:\Users\Pista\Documents\JamJarWiki\Git\JamJar\Debug\Obj: [1]
    cstartup_M.o                 76      616
    main.o                    2 008        5       32
    -------------------------------------------------
    Total:                    2 084      621       32

command line: [2]
    -------------------------------------------------
    Total:

dl7M_tln.a: [3]
    exit.o                        4
    low_level_init.o              4
    -------------------------------------------------
    Total:                        8

m7M_tls.a: [4]
    fpinit_M.o                   34
    -------------------------------------------------
    Total:                       34

rt7M_tl.a: [5]
    cexit.o                      10
    cmain.o                      26
    data_init.o                  40
    packbits_init_single.o       56
    -------------------------------------------------
    Total:                      132

shb_l.a: [6]
    exit.o                       20
    -------------------------------------------------
    Total:                       20

    Gaps                          2        2
    Linker created                        16    4 096
-----------------------------------------------------
    Grand Total:              2 280      639    4 128


*******************************************************************************
*** ENTRY LIST
***

Entry                      Address   Size  Type      Object
-----                      -------   ----  ----      ------
.iar.init_table$$Base   0x00000ac4          --   Gb  - Linker created -
.iar.init_table$$Limit  0x00000ad4          --   Gb  - Linker created -
?main                   0x00000ad9         Code  Gb  cmain.o [5]
ADC0SS0_Handler         0x00000b4d    0x2  Code  Wk  cstartup_M.o [1]
ADC0SS1_Handler         0x00000629   0x52  Code  Gb  main.o [1]
ADC0SS2_Handler         0x00000b4f    0x2  Code  Wk  cstartup_M.o [1]
ADC0SS3_Handler         0x00000b51    0x2  Code  Wk  cstartup_M.o [1]
ADC0_SS1_Init           0x000004bd   0xc0  Code  Gb  main.o [1]
ADC1SS0_Handler         0x00000b53    0x2  Code  Wk  cstartup_M.o [1]
ADC1SS1_Handler         0x0000067b   0x3a  Code  Gb  main.o [1]
ADC1_SS1_Init           0x0000057d   0xac  Code  Gb  main.o [1]
BusFault_Handler        0x00000b2d    0x2  Code  Wk  cstartup_M.o [1]
CSTACK$$Base            0x20000020          --   Gb  - Linker created -
CSTACK$$Limit           0x20001020          --   Gb  - Linker created -
DebugMon_Handler        0x00000b33    0x2  Code  Wk  cstartup_M.o [1]
GPIOPortA_Handler       0x00000b39    0x2  Code  Wk  cstartup_M.o [1]
GPIOPortB_Handler       0x00000b3b    0x2  Code  Wk  cstartup_M.o [1]
GPIOPortC_Handler       0x00000b3d    0x2  Code  Wk  cstartup_M.o [1]
GPIOPortD_Handler       0x00000b3f    0x2  Code  Wk  cstartup_M.o [1]
GPIOPortE_Handler       0x00000b41    0x2  Code  Wk  cstartup_M.o [1]
GPIOPortF_Handler       0x00000b4b    0x2  Code  Wk  cstartup_M.o [1]
HardFault_Handler       0x00000afb    0x2  Code  Wk  cstartup_M.o [1]
I2C0_Handler            0x00000b49    0x2  Code  Wk  cstartup_M.o [1]
LFO_SAMPLE              0x2000001c    0x2  Data  Lc  main.o [1]
LOAD_CMPA               0x20000014    0x4  Data  Gb  main.o [1]
LOAD_CMPB               0x20000018    0x4  Data  Gb  main.o [1]
LOAD_VAL                0x20000000    0x4  Data  Gb  main.o [1]
MemManage_Handler       0x00000b07    0x2  Code  Wk  cstartup_M.o [1]
NMI_Handler             0x00000ad5    0x2  Code  Wk  cstartup_M.o [1]
OCT_RANGE_SEL           0x20000004    0x4  Data  Lc  main.o [1]
OCT_SHIFT_SEL           0x20000008    0x4  Data  Lc  main.o [1]
PLL_Init                0x0000071f   0x94  Code  Gb  main.o [1]
POT4                    0x20000010    0x4  Data  Lc  main.o [1]
POT5                    0x2000001e    0x2  Data  Lc  main.o [1]
PWM0Fault_Handler       0x00000b55    0x2  Code  Wk  cstartup_M.o [1]
PWM0_0_Handler          0x00000847   0x1a  Code  Gb  main.o [1]
PWM0_1_Handler          0x00000b57    0x2  Code  Wk  cstartup_M.o [1]
PWM0_2_Handler          0x00000b59    0x2  Code  Wk  cstartup_M.o [1]
PWM0_Init               0x000007b3   0x94  Code  Gb  main.o [1]
PWM1_0_Handler          0x00000b5b    0x2  Code  Wk  cstartup_M.o [1]
PWM1_1_Handler          0x00000b5d    0x2  Code  Wk  cstartup_M.o [1]
PWM1_2_Handler          0x00000b5f    0x2  Code  Wk  cstartup_M.o [1]
PWM1_3_Handler          0x00000b61    0x2  Code  Wk  cstartup_M.o [1]
PendSV_Handler          0x00000b35    0x2  Code  Wk  cstartup_M.o [1]
PortB_Init              0x00000389   0x6a  Code  Gb  main.o [1]
PortC_Init              0x000003f3   0xca  Code  Gb  main.o [1]
PortD_Init              0x0000032d   0x5c  Code  Gb  main.o [1]
PortE_Init              0x000002d1   0x5c  Code  Gb  main.o [1]
PortF_init              0x000006d5   0x4a  Code  Gb  main.o [1]
Region$$Table$$Base     0x00000ac4          --   Gb  - Linker created -
Region$$Table$$Limit    0x00000ad4          --   Gb  - Linker created -
SAMPLE_RATE             0x2000000c    0x4  Data  Lc  main.o [1]
SSI0_Handler            0x00000b47    0x2  Code  Wk  cstartup_M.o [1]
SSI_0_Init              0x0000086b   0x86  Code  Gb  main.o [1]
SVC_Handler             0x00000b31    0x2  Code  Wk  cstartup_M.o [1]
SysTick_Handler         0x00000b37    0x2  Code  Wk  cstartup_M.o [1]
SysTick_init            0x000006b5   0x20  Code  Gb  main.o [1]
UART0_Handler           0x00000b43    0x2  Code  Wk  cstartup_M.o [1]
UART1_Handler           0x00000b45    0x2  Code  Wk  cstartup_M.o [1]
UsageFault_Handler      0x00000b2f    0x2  Code  Wk  cstartup_M.o [1]
__cmain                 0x00000ad9         Code  Gb  cmain.o [5]
__exit                  0x00000b09   0x14  Code  Gb  exit.o [6]
__iar_data_init3        0x00000a79   0x28  Code  Gb  data_init.o [5]
__iar_init_vfp          0x00000aa1         Code  Gb  fpinit_M.o [4]
__iar_packbits_init_single3
                        0x00000a41   0x38  Code  Gb  packbits_init_single.o [5]
__iar_program_start     0x00000b1d   0x10  Code  Gb  cstartup_M.o [1]
__low_level_init        0x00000af3    0x4  Code  Gb  low_level_init.o [3]
__vector_table          0x00000000  0x268  Data  Gb  cstartup_M.o [1]
_call_main              0x00000ae5         Code  Gb  cmain.o [5]
_exit                   0x00000afd         Code  Gb  cexit.o [5]
_main                   0x00000aef         Code  Gb  cmain.o [5]
delay                   0x00000861    0xa  Code  Gb  main.o [1]
exit                    0x00000af7    0x4  Code  Gb  exit.o [3]
main                    0x00000269   0x68  Code  Gb  main.o [1]


[1] = C:\Users\Pista\Documents\JamJarWiki\Git\JamJar\Debug\Obj
[2] = command line
[3] = dl7M_tln.a
[4] = m7M_tls.a
[5] = rt7M_tl.a
[6] = shb_l.a

  2 280 bytes of readonly  code memory
    639 bytes of readonly  data memory
  4 128 bytes of readwrite data memory

Errors: none
Warnings: none
