###############################################################################
#
# IAR ELF Linker V7.70.2.11706/W32 for ARM                27/Oct/2016  13:47:42
# Copyright 2007-2016 IAR Systems AB.
#
#    Output file  =  C:\TiVA C Projects\Practice1- UART\Debug\Exe\JamJar_1.out
#    Map file     =  C:\TiVA C Projects\Practice1- UART\Debug\List\JamJar_1.map
#    Command line =  
#        "C:\TiVA C Projects\Practice1- UART\Debug\Obj\cstartup_M.o" "C:\TiVA C
#        Projects\Practice1- UART\Debug\Obj\main.o" -o "C:\TiVA C
#        Projects\Practice1- UART\Debug\Exe\JamJar_1.out" --redirect
#        _Printf=_PrintfFull --redirect _Scanf=_ScanfFull --map "C:\TiVA C
#        Projects\Practice1- UART\Debug\List\JamJar_1.map" --config "C:\Program
#        Files (x86)\IAR Systems\Embedded Workbench
#        7.5\arm\config\linker\TexasInstruments\TM4C123GH6.icf" --semihosting
#        --entry __iar_program_start --vfe
#
###############################################################################

*******************************************************************************
*** RUNTIME MODEL ATTRIBUTES
***

CppFlavor       = *
__SystemLibrary = DLib


*******************************************************************************
*** PLACEMENT SUMMARY
***

"A0":  place at 0x00000000 { ro section .intvec };
"P1":  place in [from 0x00000000 to 0x0003ffff] { ro };
"P2":  place in [from 0x20000000 to 0x20007fff] { rw, block CSTACK, block HEAP };

  Section          Kind        Address    Size  Object
  -------          ----        -------    ----  ------
"A0":                                     0xc8
  .intvec          const    0x00000000    0xc8  cstartup_M.o [1]
                          - 0x000000c8    0xc8

"P1":                                    0x384
  .text            ro code  0x000000c8   0x26c  main.o [1]
  .text            ro code  0x00000334    0x40  zero_init3.o [5]
  .text            ro code  0x00000374    0x28  data_init.o [5]
  .text            ro code  0x0000039c    0x22  fpinit_M.o [4]
  .iar.init_table  const    0x000003c0    0x10  - Linker created -
  .text            ro code  0x000003d0     0x2  cstartup_M.o [1]
  .text            ro code  0x000003d4    0x1a  cmain.o [5]
  .text            ro code  0x000003ee     0x4  low_level_init.o [3]
  .text            ro code  0x000003f2     0x4  exit.o [3]
  .text            ro code  0x000003f6     0x2  cstartup_M.o [1]
  .text            ro code  0x000003f8     0xa  cexit.o [5]
  .text            ro code  0x00000402     0x2  cstartup_M.o [1]
  .text            ro code  0x00000404    0x14  exit.o [6]
  .text            ro code  0x00000418    0x10  cstartup_M.o [1]
  .text            ro code  0x00000428     0x2  cstartup_M.o [1]
  .text            ro code  0x0000042a     0x2  cstartup_M.o [1]
  .text            ro code  0x0000042c     0x2  cstartup_M.o [1]
  .text            ro code  0x0000042e     0x2  cstartup_M.o [1]
  .text            ro code  0x00000430     0x2  cstartup_M.o [1]
  .text            ro code  0x00000432     0x2  cstartup_M.o [1]
  .text            ro code  0x00000434     0x2  cstartup_M.o [1]
  .text            ro code  0x00000436     0x2  cstartup_M.o [1]
  .text            ro code  0x00000438     0x2  cstartup_M.o [1]
  .text            ro code  0x0000043a     0x2  cstartup_M.o [1]
  .text            ro code  0x0000043c     0x2  cstartup_M.o [1]
  .text            ro code  0x0000043e     0x2  cstartup_M.o [1]
  .text            ro code  0x00000440     0x2  cstartup_M.o [1]
  .text            ro code  0x00000442     0x2  cstartup_M.o [1]
  .text            ro code  0x00000444     0x2  cstartup_M.o [1]
  .text            ro code  0x00000446     0x2  cstartup_M.o [1]
  .text            ro code  0x00000448     0x2  cstartup_M.o [1]
  .text            ro code  0x0000044a     0x2  cstartup_M.o [1]
  .rodata          const    0x0000044c     0x0  zero_init3.o [5]
                          - 0x0000044c   0x384

"P2", part 1 of 2:                         0x4
  .bss             zero     0x20000000     0x1  main.o [1]
  .bss             zero     0x20000001     0x1  main.o [1]
  .bss             zero     0x20000002     0x1  main.o [1]
                          - 0x20000003     0x3

"P2", part 2 of 2:                      0x1000
  CSTACK                    0x20000008  0x1000  <Block>
    CSTACK         uninit   0x20000008  0x1000  <Block tail>
                          - 0x20001008  0x1000


*******************************************************************************
*** INIT TABLE
***

          Address     Size
          -------     ----
Zero (__iar_zero_init3)
    1 destination range, total size 0x3:
          0x20000000   0x3



*******************************************************************************
*** MODULE SUMMARY
***

    Module            ro code  ro data  rw data
    ------            -------  -------  -------
C:\TiVA C Projects\Practice1- UART\Debug\Obj: [1]
    cstartup_M.o           58      200
    main.o                620                 3
    -------------------------------------------
    Total:                678      200        3

command line: [2]
    -------------------------------------------
    Total:

dl7M_tln.a: [3]
    exit.o                  4
    low_level_init.o        4
    -------------------------------------------
    Total:                  8

m7M_tls.a: [4]
    fpinit_M.o             34
    -------------------------------------------
    Total:                 34

rt7M_tl.a: [5]
    cexit.o                10
    cmain.o                26
    data_init.o            40
    zero_init3.o           64
    -------------------------------------------
    Total:                140

shb_l.a: [6]
    exit.o                 20
    -------------------------------------------
    Total:                 20

    Gaps                    2        2
    Linker created                  16    4 096
-----------------------------------------------
    Grand Total:          882      218    4 099


*******************************************************************************
*** ENTRY LIST
***

Entry                      Address   Size  Type      Object
-----                      -------   ----  ----      ------
.iar.init_table$$Base   0x000003c0          --   Gb  - Linker created -
.iar.init_table$$Limit  0x000003d0          --   Gb  - Linker created -
?main                   0x000003d5         Code  Gb  cmain.o [5]
BusFault_Handler        0x00000429    0x2  Code  Wk  cstartup_M.o [1]
CSTACK$$Base            0x20000008          --   Gb  - Linker created -
CSTACK$$Limit           0x20001008          --   Gb  - Linker created -
DebugMon_Handler        0x0000042f    0x2  Code  Wk  cstartup_M.o [1]
GPIOPortA_Handler       0x00000435    0x2  Code  Wk  cstartup_M.o [1]
GPIOPortB_Handler       0x00000437    0x2  Code  Wk  cstartup_M.o [1]
GPIOPortC_Handler       0x00000439    0x2  Code  Wk  cstartup_M.o [1]
GPIOPortD_Handler       0x0000043b    0x2  Code  Wk  cstartup_M.o [1]
GPIOPortE_Handler       0x0000043d    0x2  Code  Wk  cstartup_M.o [1]
GPIOPortF_Handler       0x00000447    0x2  Code  Wk  cstartup_M.o [1]
HardFault_Handler       0x000003f7    0x2  Code  Wk  cstartup_M.o [1]
I2C0_Handler            0x00000445    0x2  Code  Wk  cstartup_M.o [1]
MemManage_Handler       0x00000403    0x2  Code  Wk  cstartup_M.o [1]
NMI_Handler             0x000003d1    0x2  Code  Wk  cstartup_M.o [1]
PWM0Fault_Handler       0x0000044b    0x2  Code  Wk  cstartup_M.o [1]
PendSV_Handler          0x00000431    0x2  Code  Wk  cstartup_M.o [1]
PortF_init              0x000001d9   0x30  Code  Gb  main.o [1]
Receive_Char            0x00000209   0x10  Code  Gb  main.o [1]
Region$$Table$$Base     0x000003c0          --   Gb  - Linker created -
Region$$Table$$Limit    0x000003d0          --   Gb  - Linker created -
SSI0_Handler            0x00000443    0x2  Code  Wk  cstartup_M.o [1]
SVC_Handler             0x0000042d    0x2  Code  Wk  cstartup_M.o [1]
SysTick_Handler         0x00000433    0x2  Code  Wk  cstartup_M.o [1]
SysTick_init            0x00000219   0x1e  Code  Gb  main.o [1]
SysTick_wait_time       0x00000237   0x10  Code  Gb  main.o [1]
UART0_Handler           0x0000043f    0x2  Code  Wk  cstartup_M.o [1]
UART1_Handler           0x00000441    0x2  Code  Wk  cstartup_M.o [1]
UART2_Handler           0x00000449    0x2  Code  Wk  cstartup_M.o [1]
UART_Init               0x00000247   0x90  Code  Gb  main.o [1]
UsageFault_Handler      0x0000042b    0x2  Code  Wk  cstartup_M.o [1]
__cmain                 0x000003d5         Code  Gb  cmain.o [5]
__exit                  0x00000405   0x14  Code  Gb  exit.o [6]
__iar_data_init3        0x00000375   0x28  Code  Gb  data_init.o [5]
__iar_init_vfp          0x0000039d         Code  Gb  fpinit_M.o [4]
__iar_program_start     0x00000419   0x10  Code  Gb  cstartup_M.o [1]
__iar_zero_init3        0x00000335   0x40  Code  Gb  zero_init3.o [5]
__low_level_init        0x000003ef    0x4  Code  Gb  low_level_init.o [3]
__vector_table          0x00000000   0xc8  Data  Gb  cstartup_M.o [1]
_call_main              0x000003e1         Code  Gb  cmain.o [5]
_exit                   0x000003f9         Code  Gb  cexit.o [5]
_main                   0x000003eb         Code  Gb  cmain.o [5]
command_byte            0x20000000    0x1  Data  Gb  main.o [1]
exit                    0x000003f3    0x4  Code  Gb  exit.o [3]
main                    0x000000c9  0x110  Code  Gb  main.o [1]
para1                   0x20000001    0x1  Data  Gb  main.o [1]
para2                   0x20000002    0x1  Data  Gb  main.o [1]


[1] = C:\TiVA C Projects\Practice1- UART\Debug\Obj
[2] = command line
[3] = dl7M_tln.a
[4] = m7M_tls.a
[5] = rt7M_tl.a
[6] = shb_l.a

    882 bytes of readonly  code memory
    218 bytes of readonly  data memory
  4 099 bytes of readwrite data memory

Errors: none
Warnings: none
