###############################################################################
#
# IAR ELF Linker V7.70.2.11706/W32 for ARM                11/Nov/2016  19:38:10
# Copyright 2007-2016 IAR Systems AB.
#
#    Output file  =  
#        C:\TiVA C Projects\Practice3 - CV quantizer\Debug\Exe\JamJar_1.out
#    Map file     =  
#        C:\TiVA C Projects\Practice3 - CV quantizer\Debug\List\JamJar_1.map
#    Command line =  
#        "C:\TiVA C Projects\Practice3 - CV quantizer\Debug\Obj\cstartup_M.o"
#        "C:\TiVA C Projects\Practice3 - CV quantizer\Debug\Obj\main.o" -o
#        "C:\TiVA C Projects\Practice3 - CV quantizer\Debug\Exe\JamJar_1.out"
#        --redirect _Printf=_PrintfFull --redirect _Scanf=_ScanfFull --map
#        "C:\TiVA C Projects\Practice3 - CV quantizer\Debug\List\JamJar_1.map"
#        --config "C:\Program Files (x86)\IAR Systems\Embedded Workbench
#        7.5\arm\config\linker\TexasInstruments\TM4C123GH6.icf" --semihosting
#        --entry __iar_program_start "C:\Program Files (x86)\IAR
#        Systems\Embedded Workbench
#        7.5\arm\CMSIS\Lib\IAR\iar_cortexM4lf_math.a" --vfe
#
###############################################################################

*******************************************************************************
*** RUNTIME MODEL ATTRIBUTES
***

CppFlavor       = *
__SystemLibrary = DLib


*******************************************************************************
*** PLACEMENT SUMMARY
***

"A0":  place at 0x00000000 { ro section .intvec };
"P1":  place in [from 0x00000000 to 0x0003ffff] { ro };
"P2":  place in [from 0x20000000 to 0x20007fff] { rw, block CSTACK, block HEAP };
initialize by copy { rw };

  Section            Kind        Address    Size  Object
  -------            ----        -------    ----  ------
"A0":                                      0x268
  .intvec            const    0x00000000   0x268  cstartup_M.o [1]
                            - 0x00000268   0x268

"P1":                                      0xbc9
  .text              ro code  0x00000268   0x5c2  main.o [1]
  .text              ro code  0x0000082a     0x8  abs.o [3]
  .text              ro code  0x00000832     0x2  cstartup_M.o [1]
  .text              ro code  0x00000834    0x4e  FltToDbl.o [4]
  .text              ro code  0x00000882     0x2  cstartup_M.o [1]
  .text              ro code  0x00000884   0x256  DblDiv.o [4]
  .text              ro code  0x00000ada     0x2  cstartup_M.o [1]
  .text              ro code  0x00000adc   0x1a2  DblMul.o [4]
  .text              ro code  0x00000c7e     0x2  cstartup_M.o [1]
  .text              ro code  0x00000c80    0x90  DblToFlt.o [4]
  .text              ro code  0x00000d10    0x38  packbits_init_single.o [5]
  .text              ro code  0x00000d48    0x28  data_init.o [5]
  .text              ro code  0x00000d70    0x22  fpinit_M.o [4]
  .iar.init_table    const    0x00000d94    0x10  - Linker created -
  .text              ro code  0x00000da4     0x2  cstartup_M.o [1]
  .text              ro code  0x00000da8    0x1a  cmain.o [5]
  .text              ro code  0x00000dc2     0x4  low_level_init.o [3]
  .text              ro code  0x00000dc6     0x4  exit.o [3]
  .text              ro code  0x00000dca     0x2  cstartup_M.o [1]
  .text              ro code  0x00000dcc     0xa  cexit.o [5]
  .text              ro code  0x00000dd6     0x2  cstartup_M.o [1]
  .text              ro code  0x00000dd8    0x14  exit.o [6]
  .text              ro code  0x00000dec    0x10  cstartup_M.o [1]
  .text              ro code  0x00000dfc     0x2  cstartup_M.o [1]
  .text              ro code  0x00000dfe     0x2  cstartup_M.o [1]
  .text              ro code  0x00000e00     0x2  cstartup_M.o [1]
  .text              ro code  0x00000e02     0x2  cstartup_M.o [1]
  .text              ro code  0x00000e04     0x2  cstartup_M.o [1]
  .text              ro code  0x00000e06     0x2  cstartup_M.o [1]
  .text              ro code  0x00000e08     0x2  cstartup_M.o [1]
  .text              ro code  0x00000e0a     0x2  cstartup_M.o [1]
  .text              ro code  0x00000e0c     0x2  cstartup_M.o [1]
  .text              ro code  0x00000e0e     0x2  cstartup_M.o [1]
  .text              ro code  0x00000e10     0x2  cstartup_M.o [1]
  .text              ro code  0x00000e12     0x2  cstartup_M.o [1]
  .text              ro code  0x00000e14     0x2  cstartup_M.o [1]
  .text              ro code  0x00000e16     0x2  cstartup_M.o [1]
  .text              ro code  0x00000e18     0x2  cstartup_M.o [1]
  .text              ro code  0x00000e1a     0x2  cstartup_M.o [1]
  .text              ro code  0x00000e1c     0x2  cstartup_M.o [1]
  .text              ro code  0x00000e1e     0x2  cstartup_M.o [1]
  .text              ro code  0x00000e20     0x2  cstartup_M.o [1]
  .text              ro code  0x00000e22     0x2  cstartup_M.o [1]
  .text              ro code  0x00000e24     0x2  cstartup_M.o [1]
  .text              ro code  0x00000e26     0x2  cstartup_M.o [1]
  .text              ro code  0x00000e28     0x2  cstartup_M.o [1]
  .text              ro code  0x00000e2a     0x2  cstartup_M.o [1]
  .rodata            const    0x00000e2c     0x0  packbits_init_single.o [5]
  Initializer bytes  const    0x00000e2c     0x5  <for P2-1>
                            - 0x00000e31   0xbc9

"P2", part 1 of 2:                          0x28
  P2-1                        0x20000000    0x28  <Init block>
    .data            inited   0x20000000     0x4  main.o [1]
    .bss             inited   0x20000004     0x4  main.o [1]
    .bss             inited   0x20000008     0x4  main.o [1]
    .bss             inited   0x2000000c     0x4  main.o [1]
    .bss             inited   0x20000010     0x4  main.o [1]
    .bss             inited   0x20000014     0x4  main.o [1]
    .bss             inited   0x20000018     0x4  main.o [1]
    .bss             inited   0x2000001c     0x4  main.o [1]
    .bss             inited   0x20000020     0x4  main.o [1]
    .bss             inited   0x20000024     0x4  main.o [1]
                            - 0x20000028    0x28

"P2", part 2 of 2:                        0x1000
  CSTACK                      0x20000028  0x1000  <Block>
    CSTACK           uninit   0x20000028  0x1000  <Block tail>
                            - 0x20001028  0x1000


*******************************************************************************
*** INIT TABLE
***

          Address     Size
          -------     ----
Copy/packbits (__iar_packbits_init_single3)
    1 source range, total size 0x5 (12% of destination):
          0x00000e2c   0x5
    1 destination range, total size 0x28:
          0x20000000  0x28



*******************************************************************************
*** MODULE SUMMARY
***

    Module                  ro code  ro data  rw data
    ------                  -------  -------  -------
C:\TiVA C Projects\Practice3 - CV quantizer\Debug\Obj: [1]
    cstartup_M.o                 78      616
    main.o                    1 474        5       40
    -------------------------------------------------
    Total:                    1 552      621       40

command line: [2]
    -------------------------------------------------
    Total:

dl7M_tln.a: [3]
    abs.o                         8
    exit.o                        4
    low_level_init.o              4
    -------------------------------------------------
    Total:                       16

m7M_tls.a: [4]
    DblDiv.o                    598
    DblMul.o                    418
    DblToFlt.o                  144
    FltToDbl.o                   78
    fpinit_M.o                   34
    -------------------------------------------------
    Total:                    1 272

rt7M_tl.a: [5]
    cexit.o                      10
    cmain.o                      26
    data_init.o                  40
    packbits_init_single.o       56
    -------------------------------------------------
    Total:                      132

shb_l.a: [6]
    exit.o                       20
    -------------------------------------------------
    Total:                       20

    Gaps                          2        2
    Linker created                        16    4 096
-----------------------------------------------------
    Grand Total:              2 994      639    4 136


*******************************************************************************
*** ENTRY LIST
***

Entry                      Address   Size  Type      Object
-----                      -------   ----  ----      ------
.iar.init_table$$Base   0x00000d94          --   Gb  - Linker created -
.iar.init_table$$Limit  0x00000da4          --   Gb  - Linker created -
?main                   0x00000da9         Code  Gb  cmain.o [5]
ADC0SS0_Handler         0x00000e15    0x2  Code  Wk  cstartup_M.o [1]
ADC0SS1_Handler         0x00000409   0x42  Code  Gb  main.o [1]
ADC0SS2_Handler         0x00000e17    0x2  Code  Wk  cstartup_M.o [1]
ADC0SS3_Handler         0x00000e19    0x2  Code  Wk  cstartup_M.o [1]
ADC0_SS1_Init           0x000002c3  0x146  Code  Gb  main.o [1]
ADC1SS0_Handler         0x00000e1b    0x2  Code  Wk  cstartup_M.o [1]
ADC1SS1_Handler         0x00000e1d    0x2  Code  Wk  cstartup_M.o [1]
BusFault_Handler        0x00000c7f    0x2  Code  Wk  cstartup_M.o [1]
CSTACK$$Base            0x20000028          --   Gb  - Linker created -
CSTACK$$Limit           0x20001028          --   Gb  - Linker created -
DebugMon_Handler        0x00000dd7    0x2  Code  Wk  cstartup_M.o [1]
GPIOPortA_Handler       0x00000e01    0x2  Code  Wk  cstartup_M.o [1]
GPIOPortB_Handler       0x00000e03    0x2  Code  Wk  cstartup_M.o [1]
GPIOPortC_Handler       0x00000e05    0x2  Code  Wk  cstartup_M.o [1]
GPIOPortD_Handler       0x00000e07    0x2  Code  Wk  cstartup_M.o [1]
GPIOPortE_Handler       0x00000e09    0x2  Code  Wk  cstartup_M.o [1]
GPIOPortF_Handler       0x00000e13    0x2  Code  Wk  cstartup_M.o [1]
HardFault_Handler       0x00000883    0x2  Code  Wk  cstartup_M.o [1]
I2C0_Handler            0x00000e11    0x2  Code  Wk  cstartup_M.o [1]
LOAD_CMPA               0x20000018    0x4  Data  Gb  main.o [1]
LOAD_CMPB               0x2000001c    0x4  Data  Gb  main.o [1]
LOAD_VAL                0x20000000    0x4  Data  Gb  main.o [1]
MemManage_Handler       0x00000adb    0x2  Code  Wk  cstartup_M.o [1]
NMI_Handler             0x00000833    0x2  Code  Wk  cstartup_M.o [1]
OCT_RANGE_SEL           0x20000004    0x4  Data  Lc  main.o [1]
OCT_SHIFT_SEL           0x20000008    0x4  Data  Lc  main.o [1]
PLL_Init                0x000004a3   0x72  Code  Gb  main.o [1]
POT4                    0x20000010    0x4  Data  Lc  main.o [1]
PWM0Fault_Handler       0x00000e1f    0x2  Code  Wk  cstartup_M.o [1]
PWM0_0_Handler          0x00000719   0x1a  Code  Gb  main.o [1]
PWM0_1_Handler          0x00000e21    0x2  Code  Wk  cstartup_M.o [1]
PWM0_2_Handler          0x00000e23    0x2  Code  Wk  cstartup_M.o [1]
PWM0_Init               0x00000647   0xd2  Code  Gb  main.o [1]
PWM1_0_Handler          0x00000e25    0x2  Code  Wk  cstartup_M.o [1]
PWM1_1_Handler          0x00000e27    0x2  Code  Wk  cstartup_M.o [1]
PWM1_2_Handler          0x00000e29    0x2  Code  Wk  cstartup_M.o [1]
PWM1_3_Handler          0x00000e2b    0x2  Code  Wk  cstartup_M.o [1]
PendSV_Handler          0x00000dfd    0x2  Code  Wk  cstartup_M.o [1]
PortF_init              0x0000046b   0x38  Code  Gb  main.o [1]
Region$$Table$$Base     0x00000d94          --   Gb  - Linker created -
Region$$Table$$Limit    0x00000da4          --   Gb  - Linker created -
SAMPLE_RATE             0x2000000c    0x4  Data  Lc  main.o [1]
SSI0_Handler            0x00000e0f    0x2  Code  Wk  cstartup_M.o [1]
SVC_Handler             0x00000dcb    0x2  Code  Wk  cstartup_M.o [1]
SysTick_Handler         0x00000dff    0x2  Code  Wk  cstartup_M.o [1]
SysTick_init            0x0000044b   0x20  Code  Gb  main.o [1]
UART0_Handler           0x00000e0b    0x2  Code  Wk  cstartup_M.o [1]
UART1_Handler           0x00000e0d    0x2  Code  Wk  cstartup_M.o [1]
UsageFault_Handler      0x00000da5    0x2  Code  Wk  cstartup_M.o [1]
__aeabi_d2f             0x00000c81         Code  Gb  DblToFlt.o [4]
__aeabi_ddiv            0x00000885         Code  Gb  DblDiv.o [4]
__aeabi_dmul            0x00000add         Code  Gb  DblMul.o [4]
__aeabi_f2d             0x00000835         Code  Gb  FltToDbl.o [4]
__cmain                 0x00000da9         Code  Gb  cmain.o [5]
__exit                  0x00000dd9   0x14  Code  Gb  exit.o [6]
__iar_data_init3        0x00000d49   0x28  Code  Gb  data_init.o [5]
__iar_init_vfp          0x00000d71         Code  Gb  fpinit_M.o [4]
__iar_packbits_init_single3
                        0x00000d11   0x38  Code  Gb  packbits_init_single.o [5]
__iar_program_start     0x00000ded   0x10  Code  Gb  cstartup_M.o [1]
__low_level_init        0x00000dc3    0x4  Code  Gb  low_level_init.o [3]
__vector_table          0x00000000  0x268  Data  Gb  cstartup_M.o [1]
_call_main              0x00000db5         Code  Gb  cmain.o [5]
_exit                   0x00000dcd         Code  Gb  cexit.o [5]
_main                   0x00000dbf         Code  Gb  cmain.o [5]
abs                     0x0000082b    0x8  Code  Gb  abs.o [3]
delay                   0x00000821    0xa  Code  Gb  main.o [1]
exit                    0x00000dc7    0x4  Code  Gb  exit.o [3]
main                    0x00000269   0x5a  Code  Gb  main.o [1]
old_rate                0x20000024    0x4  Data  Gb  main.o [1]
old_sample              0x20000020    0x4  Data  Gb  main.o [1]
sample_rate             0x00000515  0x132  Code  Gb  main.o [1]
temp_rate               0x20000014    0x4  Data  Gb  main.o [1]


[1] = C:\TiVA C Projects\Practice3 - CV quantizer\Debug\Obj
[2] = command line
[3] = dl7M_tln.a
[4] = m7M_tls.a
[5] = rt7M_tl.a
[6] = shb_l.a

  2 994 bytes of readonly  code memory
    639 bytes of readonly  data memory
  4 136 bytes of readwrite data memory

Errors: none
Warnings: none
